Archive member included to satisfy reference by file (symbol)

d:/ahl-gec-ide(4.55)/gcc/bin/../lib/gcc/arm-none-eabi/7.2.1/../../../../arm-none-eabi/lib/thumb/v7e-m/fpv4-sp/hard\libc_nano.a(lib_a-exit.o)
                              d:/ahl-gec-ide(4.55)/gcc/bin/../lib/gcc/arm-none-eabi/7.2.1/../../../../arm-none-eabi/lib/thumb/v7e-m/fpv4-sp/hard/crt0.o (exit)
d:/ahl-gec-ide(4.55)/gcc/bin/../lib/gcc/arm-none-eabi/7.2.1/../../../../arm-none-eabi/lib/thumb/v7e-m/fpv4-sp/hard\libc_nano.a(lib_a-impure.o)
                              d:/ahl-gec-ide(4.55)/gcc/bin/../lib/gcc/arm-none-eabi/7.2.1/../../../../arm-none-eabi/lib/thumb/v7e-m/fpv4-sp/hard\libc_nano.a(lib_a-exit.o) (_global_impure_ptr)
d:/ahl-gec-ide(4.55)/gcc/bin/../lib/gcc/arm-none-eabi/7.2.1/../../../../arm-none-eabi/lib/thumb/v7e-m/fpv4-sp/hard\libc_nano.a(lib_a-init.o)
                              d:/ahl-gec-ide(4.55)/gcc/bin/../lib/gcc/arm-none-eabi/7.2.1/../../../../arm-none-eabi/lib/thumb/v7e-m/fpv4-sp/hard/crt0.o (__libc_init_array)
d:/ahl-gec-ide(4.55)/gcc/bin/../lib/gcc/arm-none-eabi/7.2.1/../../../../arm-none-eabi/lib/thumb/v7e-m/fpv4-sp/hard\libc_nano.a(lib_a-itoa.o)
                              ./obj/wifi.o (itoa)
d:/ahl-gec-ide(4.55)/gcc/bin/../lib/gcc/arm-none-eabi/7.2.1/../../../../arm-none-eabi/lib/thumb/v7e-m/fpv4-sp/hard\libc_nano.a(lib_a-malloc.o)
                              ./obj/wifi.o (malloc)
d:/ahl-gec-ide(4.55)/gcc/bin/../lib/gcc/arm-none-eabi/7.2.1/../../../../arm-none-eabi/lib/thumb/v7e-m/fpv4-sp/hard\libc_nano.a(lib_a-memcpy-stub.o)
                              ./obj/wifi.o (memcpy)
d:/ahl-gec-ide(4.55)/gcc/bin/../lib/gcc/arm-none-eabi/7.2.1/../../../../arm-none-eabi/lib/thumb/v7e-m/fpv4-sp/hard\libc_nano.a(lib_a-memset.o)
                              d:/ahl-gec-ide(4.55)/gcc/bin/../lib/gcc/arm-none-eabi/7.2.1/../../../../arm-none-eabi/lib/thumb/v7e-m/fpv4-sp/hard/crt0.o (memset)
d:/ahl-gec-ide(4.55)/gcc/bin/../lib/gcc/arm-none-eabi/7.2.1/../../../../arm-none-eabi/lib/thumb/v7e-m/fpv4-sp/hard\libc_nano.a(lib_a-nano-freer.o)
                              d:/ahl-gec-ide(4.55)/gcc/bin/../lib/gcc/arm-none-eabi/7.2.1/../../../../arm-none-eabi/lib/thumb/v7e-m/fpv4-sp/hard\libc_nano.a(lib_a-malloc.o) (_free_r)
d:/ahl-gec-ide(4.55)/gcc/bin/../lib/gcc/arm-none-eabi/7.2.1/../../../../arm-none-eabi/lib/thumb/v7e-m/fpv4-sp/hard\libc_nano.a(lib_a-nano-mallocr.o)
                              d:/ahl-gec-ide(4.55)/gcc/bin/../lib/gcc/arm-none-eabi/7.2.1/../../../../arm-none-eabi/lib/thumb/v7e-m/fpv4-sp/hard\libc_nano.a(lib_a-malloc.o) (_malloc_r)
d:/ahl-gec-ide(4.55)/gcc/bin/../lib/gcc/arm-none-eabi/7.2.1/../../../../arm-none-eabi/lib/thumb/v7e-m/fpv4-sp/hard\libc_nano.a(lib_a-sbrkr.o)
                              d:/ahl-gec-ide(4.55)/gcc/bin/../lib/gcc/arm-none-eabi/7.2.1/../../../../arm-none-eabi/lib/thumb/v7e-m/fpv4-sp/hard\libc_nano.a(lib_a-nano-mallocr.o) (_sbrk_r)
d:/ahl-gec-ide(4.55)/gcc/bin/../lib/gcc/arm-none-eabi/7.2.1/../../../../arm-none-eabi/lib/thumb/v7e-m/fpv4-sp/hard\libc_nano.a(lib_a-strcat.o)
                              ./obj/wifi.o (strcat)
d:/ahl-gec-ide(4.55)/gcc/bin/../lib/gcc/arm-none-eabi/7.2.1/../../../../arm-none-eabi/lib/thumb/v7e-m/fpv4-sp/hard\libc_nano.a(lib_a-strchr.o)
                              ./obj/wifi.o (strchr)
d:/ahl-gec-ide(4.55)/gcc/bin/../lib/gcc/arm-none-eabi/7.2.1/../../../../arm-none-eabi/lib/thumb/v7e-m/fpv4-sp/hard\libc_nano.a(lib_a-strcmp.o)
                              ./obj/uecom.o (strcmp)
d:/ahl-gec-ide(4.55)/gcc/bin/../lib/gcc/arm-none-eabi/7.2.1/../../../../arm-none-eabi/lib/thumb/v7e-m/fpv4-sp/hard\libc_nano.a(lib_a-strcpy.o)
                              ./obj/wifi.o (strcpy)
d:/ahl-gec-ide(4.55)/gcc/bin/../lib/gcc/arm-none-eabi/7.2.1/../../../../arm-none-eabi/lib/thumb/v7e-m/fpv4-sp/hard\libc_nano.a(lib_a-strlen.o)
                              ./obj/wifi.o (strlen)
d:/ahl-gec-ide(4.55)/gcc/bin/../lib/gcc/arm-none-eabi/7.2.1/../../../../arm-none-eabi/lib/thumb/v7e-m/fpv4-sp/hard\libc_nano.a(lib_a-strncmp.o)
                              ./obj/gec.o (strncmp)
d:/ahl-gec-ide(4.55)/gcc/bin/../lib/gcc/arm-none-eabi/7.2.1/../../../../arm-none-eabi/lib/thumb/v7e-m/fpv4-sp/hard\libc_nano.a(lib_a-strncpy.o)
                              ./obj/wifi.o (strncpy)
d:/ahl-gec-ide(4.55)/gcc/bin/../lib/gcc/arm-none-eabi/7.2.1/../../../../arm-none-eabi/lib/thumb/v7e-m/fpv4-sp/hard\libc_nano.a(lib_a-strstr.o)
                              ./obj/wifi.o (strstr)
d:/ahl-gec-ide(4.55)/gcc/bin/../lib/gcc/arm-none-eabi/7.2.1/../../../../arm-none-eabi/lib/thumb/v7e-m/fpv4-sp/hard\libc_nano.a(lib_a-utoa.o)
                              d:/ahl-gec-ide(4.55)/gcc/bin/../lib/gcc/arm-none-eabi/7.2.1/../../../../arm-none-eabi/lib/thumb/v7e-m/fpv4-sp/hard\libc_nano.a(lib_a-itoa.o) (__utoa)
d:/ahl-gec-ide(4.55)/gcc/bin/../lib/gcc/arm-none-eabi/7.2.1/../../../../arm-none-eabi/lib/thumb/v7e-m/fpv4-sp/hard\libc_nano.a(lib_a-mlock.o)
[...]
Memory Configuration

Name             Origin             Length             Attributes
INTVEC           0x0800d000         0x00000800         xr
FLASH            0x0800d800         0x00032000         xr
RAM              0x20004000         0x0000c000         xrw
*default*        0x00000000         0xffffffff

Linker script and memory map

LOAD d:/ahl-gec-ide(4.55)/gcc/bin/../lib/gcc/arm-none-eabi/7.2.1/thumb/v7e-m/fpv4-sp/hard/crti.o
LOAD d:/ahl-gec-ide(4.55)/gcc/bin/../lib/gcc/arm-none-eabi/7.2.1/thumb/v7e-m/fpv4-sp/hard/crtbegin.o
LOAD d:/ahl-gec-ide(4.55)/gcc/bin/../lib/gcc/arm-none-eabi/7.2.1/../../../../arm-none-eabi/lib/thumb/v7e-m/fpv4-sp/hard/crt0.o
LOAD ./obj/adc.o
LOAD ./obj/timer.o
LOAD ./obj/wifi.o
LOAD ./obj/uecom.o
LOAD ./obj/thread_init.o
LOAD ./obj/system_stm32l4xx.o
LOAD ./obj/valueType.o
LOAD ./obj/main.o
LOAD ./obj/flash.o
LOAD ./obj/gpio.o
LOAD ./obj/wdog.o
LOAD ./obj/thread_send.o
LOAD ./obj/spi.o
LOAD ./obj/common.o
LOAD ./obj/NumToStr.o
LOAD ./obj/gec.o
LOAD ./obj/uart.o
LOAD ./obj/threadauto_appinit.o
LOAD ./obj/isr.o
LOAD ./obj/printf.o
LOAD ./obj/startup_stm32l431rctx.o
START GROUP
LOAD d:/ahl-gec-ide(4.55)/gcc/bin/../lib/gcc/arm-none-eabi/7.2.1/../../../../arm-none-eabi/lib/thumb/v7e-m/fpv4-sp/hard\libstdc++_nano.a
LOAD d:/ahl-gec-ide(4.55)/gcc/bin/../lib/gcc/arm-none-eabi/7.2.1/../../../../arm-none-eabi/lib/thumb/v7e-m/fpv4-sp/hard\libsupc++_nano.a
END GROUP
LOAD d:/ahl-gec-ide(4.55)/gcc/bin/../lib/gcc/arm-none-eabi/7.2.1/../../../../arm-none-eabi/lib/thumb/v7e-m/fpv4-sp/hard\libstdc++_nano.a
LOAD d:/ahl-gec-ide(4.55)/gcc/bin/../lib/gcc/arm-none-eabi/7.2.1/../../../../arm-none-eabi/lib/thumb/v7e-m/fpv4-sp/hard\libm.a
LOAD d:/ahl-gec-ide(4.55)/gcc/bin/../lib/gcc/arm-none-eabi/7.2.1/../../../../arm-none-eabi/lib/thumb/v7e-m/fpv4-sp/hard\libc_nano.a
START GROUP
LOAD d:/ahl-gec-ide(4.55)/gcc/bin/../lib/gcc/arm-none-eabi/7.2.1/thumb/v7e-m/fpv4-sp/hard\libgcc.a
LOAD d:/ahl-gec-ide(4.55)/gcc/bin/../lib/gcc/arm-none-eabi/7.2.1/../../../../arm-none-eabi/lib/thumb/v7e-m/fpv4-sp/hard\libc_nano.a
END GROUP
START GROUP
LOAD d:/ahl-gec-ide(4.55)/gcc/bin/../lib/gcc/arm-none-eabi/7.2.1/thumb/v7e-m/fpv4-sp/hard\libgcc.a
LOAD d:/ahl-gec-ide(4.55)/gcc/bin/../lib/gcc/arm-none-eabi/7.2.1/../../../../arm-none-eabi/lib/thumb/v7e-m/fpv4-sp/hard\libc_nano.a
LOAD d:/ahl-gec-ide(4.55)/gcc/bin/../lib/gcc/arm-none-eabi/7.2.1/../../../../arm-none-eabi/lib/thumb/v7e-m/fpv4-sp/hard\libnosys.a
END GROUP
START GROUP
LOAD d:/ahl-gec-ide(4.55)/gcc/bin/../lib/gcc/arm-none-eabi/7.2.1/thumb/v7e-m/fpv4-sp/hard\libgcc.a
LOAD d:/ahl-gec-ide(4.55)/gcc/bin/../lib/gcc/arm-none-eabi/7.2.1/../../../../arm-none-eabi/lib/thumb/v7e-m/fpv4-sp/hard\libc_nano.a
LOAD d:/ahl-gec-ide(4.55)/gcc/bin/../lib/gcc/arm-none-eabi/7.2.1/../../../../arm-none-eabi/lib/thumb/v7e-m/fpv4-sp/hard\libnosys.a
END GROUP
LOAD d:/ahl-gec-ide(4.55)/gcc/bin/../lib/gcc/arm-none-eabi/7.2.1/thumb/v7e-m/fpv4-sp/hard/crtend.o
LOAD d:/ahl-gec-ide(4.55)/gcc/bin/../lib/gcc/arm-none-eabi/7.2.1/thumb/v7e-m/fpv4-sp/hard/crtn.o
                0x00000800                MCU_SECTORSIZE = 0x800
                0x08000000                MCU_FLASH_ADDR_START = 0x8000000
                0x0000001a                GEC_USER_SECTOR_START = 0x1a
                0x0000007e                GEC_USER_SECTOR_END = 0x7e
                0x20004000                GEC_USER_RAM_START = 0x20004000
                0x2000ffff                GEC_USER_RAM_END = 0x2000ffff
                0x2000ffff                _estack = 0x2000ffff
                0x00000200                _Min_Heap_Size = 0x200
                0x00000400                _Min_Stack_Size = 0x400

.isr_vector     0x0800d000      0x190
                0x0800d000                . = ALIGN (0x8)
 *(.isr_vector)
 .isr_vector    0x0800d000      0x18c ./obj/startup_stm32l431rctx.o
                0x0800d000                g_pfnVectors
                0x0800d190                . = ALIGN (0x8)
 *fill*         0x0800d18c        0x4 

.text           0x0800d800     0x3d50
                0x0800d800                . = ALIGN (0x8)
 *(.text)
 .text          0x0800d800       0x40 d:/ahl-gec-ide(4.55)/gcc/bin/../lib/gcc/arm-none-eabi/7.2.1/thumb/v7e-m/fpv4-sp/hard/crtbegin.o
 .text          0x0800d840       0x10 d:/ahl-gec-ide(4.55)/gcc/bin/../lib/gcc/arm-none-eabi/7.2.1/../../../../arm-none-eabi/lib/thumb/v7e-m/fpv4-sp/hard\libc_nano.a(lib_a-strlen.o)
                0x0800d840                strlen
 .text          0x0800d850      0x378 d:/ahl-gec-ide(4.55)/gcc/bin/../lib/gcc/arm-none-eabi/7.2.1/thumb/v7e-m/fpv4-sp/hard\libgcc.a(_arm_addsubdf3.o)
                0x0800d850                __aeabi_drsub
                0x0800d858                __aeabi_dsub
                0x0800d858                __subdf3
                0x0800d85c                __aeabi_dadd
                0x0800d85c                __adddf3
                0x0800dad4                __floatunsidf
                0x0800dad4                __aeabi_ui2d
                0x0800daf4                __floatsidf
                0x0800daf4                __aeabi_i2d
                0x0800db18                __aeabi_f2d
                0x0800db18                __extendsfdf2
                0x0800db5c                __floatundidf
                0x0800db5c                __aeabi_ul2d
                0x0800db6c                __floatdidf
                0x0800db6c                __aeabi_l2d
 .text          0x0800dbc8      0x424 d:/ahl-gec-ide(4.55)/gcc/bin/../lib/gcc/arm-none-eabi/7.2.1/thumb/v7e-m/fpv4-sp/hard\libgcc.a(_arm_muldivdf3.o)
                0x0800dbc8                __aeabi_dmul
                0x0800dbc8                __muldf3
                0x0800de1c                __divdf3
                0x0800de1c                __aeabi_ddiv
 .text          0x0800dfec      0x110 d:/ahl-gec-ide(4.55)/gcc/bin/../lib/gcc/arm-none-eabi/7.2.1/thumb/v7e-m/fpv4-sp/hard\libgcc.a(_arm_cmpdf2.o)
                0x0800dfec                __gtdf2
                0x0800dfec                __gedf2
                0x0800dff4                __ltdf2
                0x0800dff4                __ledf2
                0x0800dffc                __nedf2
                0x0800dffc                __eqdf2
                0x0800dffc                __cmpdf2
                0x0800e078                __aeabi_cdrcmple
                0x0800e088                __aeabi_cdcmpeq
                0x0800e088                __aeabi_cdcmple
                0x0800e098                __aeabi_dcmpeq
                0x0800e0ac                __aeabi_dcmplt
                0x0800e0c0                __aeabi_dcmple
                0x0800e0d4                __aeabi_dcmpge
                0x0800e0e8                __aeabi_dcmpgt
 .text          0x0800e0fc       0x40 d:/ahl-gec-ide(4.55)/gcc/bin/../lib/gcc/arm-none-eabi/7.2.1/thumb/v7e-m/fpv4-sp/hard\libgcc.a(_arm_fixunsdfsi.o)
                0x0800e0fc                __aeabi_d2uiz
                0x0800e0fc                __fixunsdfsi
 .text          0x0800e13c       0x30 d:/ahl-gec-ide(4.55)/gcc/bin/../lib/gcc/arm-none-eabi/7.2.1/thumb/v7e-m/fpv4-sp/hard\libgcc.a(_aeabi_uldivmod.o)
                0x0800e13c                __aeabi_uldivmod
 .text          0x0800e16c       0x44 d:/ahl-gec-ide(4.55)/gcc/bin/../lib/gcc/arm-none-eabi/7.2.1/thumb/v7e-m/fpv4-sp/hard\libgcc.a(_fixunsdfdi.o)
                0x0800e16c                __fixunsdfdi
                0x0800e16c                __aeabi_d2ulz
 .text          0x0800e1b0      0x2cc d:/ahl-gec-ide(4.55)/gcc/bin/../lib/gcc/arm-none-eabi/7.2.1/thumb/v7e-m/fpv4-sp/hard\libgcc.a(_udivmoddi4.o)
                0x0800e1b0                __udivmoddi4
 .text          0x0800e47c        0x4 d:/ahl-gec-ide(4.55)/gcc/bin/../lib/gcc/arm-none-eabi/7.2.1/thumb/v7e-m/fpv4-sp/hard\libgcc.a(_dvmd_tls.o)
                0x0800e47c                __aeabi_idiv0
                0x0800e47c                __aeabi_ldiv0
 *(.text*)
 .text.adc_init
                0x0800e480      0x160 ./obj/adc.o
                0x0800e480                adc_init
 .text.adc_read
                0x0800e5e0       0x60 ./obj/adc.o
                0x0800e5e0                adc_read
 .text.TempTrans
                0x0800e640       0x48 ./obj/adc.o
                0x0800e640                TempTrans
 .text.timer_init
                0x0800e688      0x184 ./obj/timer.o
                0x0800e688                timer_init
 .text.timer_enable_int
                0x0800e80c       0xac ./obj/timer.o
                0x0800e80c                timer_enable_int
 .text.timer_get_int
                0x0800e8b8       0x9c ./obj/timer.o
                0x0800e8b8                timer_get_int
 .text.timer_clear_int
                0x0800e954       0x78 ./obj/timer.o
                0x0800e954                timer_clear_int
 .text.wifi_check_port
                0x0800e9cc       0x64 ./obj/wifi.o
                0x0800e9cc                wifi_check_port
 .text.wifi_check_ip
                0x0800ea30       0xa2 ./obj/wifi.o
                0x0800ea30                wifi_check_ip
 *fill*         0x0800ead2        0x2 
 .text.wifi_send_cmd
                0x0800ead4       0x68 ./obj/wifi.o
                0x0800ead4                wifi_send_cmd
 .text.wifi_reset
                0x0800eb3c       0x90 ./obj/wifi.o
                0x0800eb3c                wifi_reset
 .text.wifi_get_mac
                0x0800ebcc       0xa8 ./obj/wifi.o
                0x0800ebcc                wifi_get_mac
 .text.wifi_linktossid
                0x0800ec74       0xb0 ./obj/wifi.o
                0x0800ec74                wifi_linktossid
 .text.wifi_quitssid
                0x0800ed24       0x38 ./obj/wifi.o
                0x0800ed24                wifi_quitssid
 .text.wifi_disconnect
                0x0800ed5c       0x38 ./obj/wifi.o
                0x0800ed5c                wifi_disconnect
 .text.wifi_con_srv
                0x0800ed94       0xc8 ./obj/wifi.o
                0x0800ed94                wifi_con_srv
 .text.wifi_returncheck
                0x0800ee5c       0xe4 ./obj/wifi.o
                0x0800ee5c                wifi_returncheck
 .text.wifi_rebootcheck
                0x0800ef40       0x70 ./obj/wifi.o
                0x0800ef40                wifi_rebootcheck
 .text.crc16    0x0800efb0       0x3e ./obj/wifi.o
                0x0800efb0                crc16
 .text.wifi_frameEncode
                0x0800efee       0x70 ./obj/wifi.o
                0x0800efee                wifi_frameEncode
 *fill*         0x0800f05e        0x2 
 .text.wifi_sendN
                0x0800f060       0xa4 ./obj/wifi.o
                0x0800f060                wifi_sendN
 .text.uecom_recv
                0x0800f104      0x150 ./obj/wifi.o
                0x0800f104                uecom_recv
 .text.wifi_int_re
                0x0800f254       0x50 ./obj/wifi.o
                0x0800f254                wifi_int_re
 .text.WiFiMessageInit
                0x0800f2a4       0x5c ./obj/wifi.o
                0x0800f2a4                WiFiMessageInit
 .text.uecom_version
                0x0800f300       0x14 ./obj/uecom.o
                0x0800f300                uecom_version
 .text.ArrayCpy
                0x0800f314       0x1c ./obj/thread_init.o
                0x0800f314                ArrayCpy
 .text.userData_init
                0x0800f330       0xf8 ./obj/thread_init.o
                0x0800f330                userData_init
 .text.main_Dly_ms
                0x0800f428       0x1c ./obj/thread_init.o
                0x0800f428                main_Dly_ms
 *fill*         0x0800f444        0x4 
 .text.main_TimeStamp
                0x0800f448      0x238 ./obj/thread_init.o
                0x0800f448                main_TimeStamp
 .text.comm_init
                0x0800f680       0x98 ./obj/thread_init.o
                0x0800f680                comm_init
 .text.consrv_init
                0x0800f718       0x58 ./obj/thread_init.o
                0x0800f718                consrv_init
 .text.thread_init
                0x0800f770      0x1a4 ./obj/thread_init.o
                0x0800f770                thread_init
 .text.SysClock_Config
                0x0800f914       0x9c ./obj/system_stm32l4xx.o
                0x0800f914                SysClock_Config
 .text.SystemInit
                0x0800f9b0       0x50 ./obj/system_stm32l4xx.o
                0x0800f9b0                SystemInit
 .text.main     0x0800fa00       0x1c ./obj/main.o
                0x0800fa00                main
 .text.flash_init
                0x0800fa1c       0x44 ./obj/flash.o
                0x0800fa1c                flash_init
 .text.flash_erase
                0x0800fa60       0x50 ./obj/flash.o
                0x0800fa60                flash_erase
 .text.flash_read_logic
                0x0800fab0       0x12 ./obj/flash.o
                0x0800fab0                flash_read_logic
 .text.flash_read_physical
                0x0800fac2        0x8 ./obj/flash.o
                0x0800fac2                flash_read_physical
 .text.flash_isempty
                0x0800faca       0x1c ./obj/flash.o
                0x0800faca                flash_isempty
 *fill*         0x0800fae6        0x2 
 .text.flash_write_DoubleWord
                0x0800fae8       0x38 ./obj/flash.o
                0x0800fae8                flash_write_DoubleWord
 .text.flash_write_physical
                0x0800fb20      0x1d4 ./obj/flash.o
                0x0800fb20                flash_write_physical
 .text.flash_write
                0x0800fcf4      0x1e0 ./obj/flash.o
                0x0800fcf4                flash_write
 .text.gpio_get_port_pin
                0x0800fed4        0x8 ./obj/gpio.o
                0x0800fed4                gpio_get_port_pin
 .text.gpio_set
                0x0800fedc       0x4c ./obj/gpio.o
                0x0800fedc                gpio_set
 .text.gpio_init
                0x0800ff28       0x70 ./obj/gpio.o
                0x0800ff28                gpio_init
 .text.gpio_reverse
                0x0800ff98       0x48 ./obj/gpio.o
                0x0800ff98                gpio_reverse
 .text.wdog_feed
                0x0800ffe0       0x10 ./obj/wdog.o
                0x0800ffe0                wdog_feed
 .text.userData_get
                0x0800fff0       0x50 ./obj/thread_send.o
                0x0800fff0                userData_get
 .text.thread_send
                0x08010040      0x234 ./obj/thread_send.o
                0x08010040                thread_send
 *fill*         0x08010274        0x4 
 .text.TimeStamp
                0x08010278      0x228 ./obj/common.o
                0x08010278                TimeStamp
 .text.Vectors_Init
                0x080104a0       0xa8 ./obj/gec.o
                0x080104a0                Vectors_Init
 .text.SYSTEM_FUNCTION
                0x08010548       0xcc ./obj/gec.o
                0x08010548                SYSTEM_FUNCTION
 .text.uart_is_uartNo
                0x08010614       0x10 ./obj/uart.o
                0x08010614                uart_is_uartNo
 .text.uart_init
                0x08010624      0x14c ./obj/uart.o
                0x08010624                uart_init
 .text.uart_send1
                0x08010770       0x48 ./obj/uart.o
                0x08010770                uart_send1
 .text.uart_sendN
                0x080107b8       0x34 ./obj/uart.o
                0x080107b8                uart_sendN
 .text.uart_send_string
                0x080107ec       0x2a ./obj/uart.o
                0x080107ec                uart_send_string
 *fill*         0x08010816        0x2 
 .text.uart_re1
                0x08010818       0x68 ./obj/uart.o
                0x08010818                uart_re1
 .text.uart_enable_re_int
                0x08010880       0x40 ./obj/uart.o
                0x08010880                uart_enable_re_int
 .text.app_init
                0x080108c0       0xa0 ./obj/threadauto_appinit.o
                0x080108c0                app_init
 .text.USART1_IRQHandler
                0x08010960       0x88 ./obj/isr.o
                0x08010960                USART1_IRQHandler
 .text.SecAdd1  0x080109e8       0x5c ./obj/isr.o
                0x080109e8                SecAdd1
 .text.TIM7_IRQHandler
                0x08010a44       0x3c ./obj/isr.o
                0x08010a44                TIM7_IRQHandler
 .text.printk_putc
                0x08010a80       0x2a ./obj/printf.o
 .text.printk_mknumstr
                0x08010aaa       0x68 ./obj/printf.o
 .text.printk_pad_zero
                0x08010b12       0x1e ./obj/printf.o
 .text.printk_pad_space
                0x08010b30       0x1e ./obj/printf.o
 .text.out_char
                0x08010b4e        0xc ./obj/printf.o
                0x08010b4e                out_char
 *fill*         0x08010b5a        0x6 
 .text.printk_mkfloatstr
                0x08010b60      0x1a4 ./obj/printf.o
                0x08010b60                printk_mkfloatstr
 .text.printk   0x08010d04      0x5c8 ./obj/printf.o
                0x08010d04                printk
 .text.myprintf
                0x080112cc       0x28 ./obj/printf.o
                0x080112cc                myprintf
 .text.Reset_Handler
                0x080112f4       0x54 ./obj/startup_stm32l431rctx.o
                0x080112f4                Reset_Handler
 .text.Default_Handler
                0x08011348        0x6 ./obj/startup_stm32l431rctx.o
                0x08011348                RTC_Alarm_IRQHandler
                0x08011348                EXTI2_IRQHandler
                0x08011348                DebugMon_Handler
                0x08011348                TIM1_CC_IRQHandler
                0x08011348                TSC_IRQHandler
                0x08011348                HardFault_Handler
                0x08011348                SysTick_Handler
                0x08011348                TAMP_STAMP_IRQHandler
                0x08011348                PendSV_Handler
                0x08011348                NMI_Handler
                0x08011348                EXTI3_IRQHandler
                0x08011348                LPTIM2_IRQHandler
                0x08011348                I2C3_ER_IRQHandler
                0x08011348                EXTI0_IRQHandler
                0x08011348                I2C2_EV_IRQHandler
                0x08011348                CAN1_RX0_IRQHandler
                0x08011348                FPU_IRQHandler
                0x08011348                TIM1_UP_TIM16_IRQHandler
                0x08011348                UsageFault_Handler
                0x08011348                SPI1_IRQHandler
                0x08011348                TIM6_DAC_IRQHandler
                0x08011348                DMA2_Channel2_IRQHandler
                0x08011348                DMA1_Channel4_IRQHandler
                0x08011348                ADC1_IRQHandler
                0x08011348                USART3_IRQHandler
                0x08011348                DMA1_Channel7_IRQHandler
                0x08011348                CAN1_RX1_IRQHandler
                0x08011348                DMA2_Channel1_IRQHandler
                0x08011348                QUADSPI_IRQHandler
                0x08011348                I2C1_EV_IRQHandler
                0x08011348                DMA1_Channel6_IRQHandler
                0x08011348                DMA2_Channel4_IRQHandler
                0x08011348                RCC_IRQHandler
                0x08011348                TIM1_TRG_COM_IRQHandler
                0x08011348                DMA1_Channel1_IRQHandler
                0x08011348                Default_Handler
                0x08011348                DMA2_Channel7_IRQHandler
                0x08011348                EXTI15_10_IRQHandler
                0x08011348                SDMMC1_IRQHandler
                0x08011348                I2C3_EV_IRQHandler
                0x08011348                EXTI9_5_IRQHandler
                0x08011348                RTC_WKUP_IRQHandler
                0x08011348                PVD_PVM_IRQHandler
                0x08011348                SPI2_IRQHandler
                0x08011348                MemManage_Handler
                0x08011348                CAN1_TX_IRQHandler
                0x08011348                SVC_Handler
                0x08011348                DMA2_Channel5_IRQHandler
                0x08011348                CRS_IRQHandler
                0x08011348                DMA1_Channel5_IRQHandler
                0x08011348                EXTI4_IRQHandler
                0x08011348                RNG_IRQHandler
                0x08011348                DMA1_Channel3_IRQHandler
                0x08011348                COMP_IRQHandler
                0x08011348                WWDG_IRQHandler
                0x08011348                LPUART1_IRQHandler
                0x08011348                DMA2_Channel6_IRQHandler
                0x08011348                TIM2_IRQHandler
                0x08011348                EXTI1_IRQHandler
                0x08011348                USART2_IRQHandler
                0x08011348                I2C2_ER_IRQHandler
                0x08011348                DMA1_Channel2_IRQHandler
                0x08011348                CAN1_SCE_IRQHandler
                0x08011348                FLASH_IRQHandler
                0x08011348                BusFault_Handler
                0x08011348                SPI3_IRQHandler
                0x08011348                I2C1_ER_IRQHandler
                0x08011348                SWPMI1_IRQHandler
                0x08011348                LPTIM1_IRQHandler
                0x08011348                SAI1_IRQHandler
                0x08011348                DMA2_Channel3_IRQHandler
                0x08011348                TIM1_BRK_TIM15_IRQHandler
 *fill*         0x0801134e        0x2 
 .text.__libc_init_array
                0x08011350       0x48 d:/ahl-gec-ide(4.55)/gcc/bin/../lib/gcc/arm-none-eabi/7.2.1/../../../../arm-none-eabi/lib/thumb/v7e-m/fpv4-sp/hard\libc_nano.a(lib_a-init.o)
                0x08011350                __libc_init_array
 .text.__itoa   0x08011398       0x30 d:/ahl-gec-ide(4.55)/gcc/bin/../lib/gcc/arm-none-eabi/7.2.1/../../../../arm-none-eabi/lib/thumb/v7e-m/fpv4-sp/hard\libc_nano.a(lib_a-itoa.o)
                0x08011398                __itoa
 .text.itoa     0x080113c8        0x4 d:/ahl-gec-ide(4.55)/gcc/bin/../lib/gcc/arm-none-eabi/7.2.1/../../../../arm-none-eabi/lib/thumb/v7e-m/fpv4-sp/hard\libc_nano.a(lib_a-itoa.o)
                0x080113c8                itoa
 .text.memcpy   0x080113cc       0x16 d:/ahl-gec-ide(4.55)/gcc/bin/../lib/gcc/arm-none-eabi/7.2.1/../../../../arm-none-eabi/lib/thumb/v7e-m/fpv4-sp/hard\libc_nano.a(lib_a-memcpy-stub.o)
                0x080113cc                memcpy
 .text.memset   0x080113e2       0x10 d:/ahl-gec-ide(4.55)/gcc/bin/../lib/gcc/arm-none-eabi/7.2.1/../../../../arm-none-eabi/lib/thumb/v7e-m/fpv4-sp/hard\libc_nano.a(lib_a-memset.o)
                0x080113e2                memset
 .text.strcat   0x080113f2       0x1e d:/ahl-gec-ide(4.55)/gcc/bin/../lib/gcc/arm-none-eabi/7.2.1/../../../../arm-none-eabi/lib/thumb/v7e-m/fpv4-sp/hard\libc_nano.a(lib_a-strcat.o)
                0x080113f2                strcat
 .text.strchr   0x08011410       0x1a d:/ahl-gec-ide(4.55)/gcc/bin/../lib/gcc/arm-none-eabi/7.2.1/../../../../arm-none-eabi/lib/thumb/v7e-m/fpv4-sp/hard\libc_nano.a(lib_a-strchr.o)
                0x08011410                strchr
 .text.strcpy   0x0801142a       0x10 d:/ahl-gec-ide(4.55)/gcc/bin/../lib/gcc/arm-none-eabi/7.2.1/../../../../arm-none-eabi/lib/thumb/v7e-m/fpv4-sp/hard\libc_nano.a(lib_a-strcpy.o)
                0x0801142a                strcpy
 .text.strncmp  0x0801143a       0x24 d:/ahl-gec-ide(4.55)/gcc/bin/../lib/gcc/arm-none-eabi/7.2.1/../../../../arm-none-eabi/lib/thumb/v7e-m/fpv4-sp/hard\libc_nano.a(lib_a-strncmp.o)
                0x0801143a                strncmp
 .text.strncpy  0x0801145e       0x2a d:/ahl-gec-ide(4.55)/gcc/bin/../lib/gcc/arm-none-eabi/7.2.1/../../../../arm-none-eabi/lib/thumb/v7e-m/fpv4-sp/hard\libc_nano.a(lib_a-strncpy.o)
                0x0801145e                strncpy
 .text.strstr   0x08011488       0x34 d:/ahl-gec-ide(4.55)/gcc/bin/../lib/gcc/arm-none-eabi/7.2.1/../../../../arm-none-eabi/lib/thumb/v7e-m/fpv4-sp/hard\libc_nano.a(lib_a-strstr.o)
                0x08011488                strstr
 .text.__utoa   0x080114bc       0x7c d:/ahl-gec-ide(4.55)/gcc/bin/../lib/gcc/arm-none-eabi/7.2.1/../../../../arm-none-eabi/lib/thumb/v7e-m/fpv4-sp/hard\libc_nano.a(lib_a-utoa.o)
                0x080114bc                __utoa
 *(.glue_7)
 .glue_7        0x08011538        0x0 linker stubs
 *(.glue_7t)
 .glue_7t       0x08011538        0x0 linker stubs
 *(.eh_frame)
 .eh_frame      0x08011538        0x0 d:/ahl-gec-ide(4.55)/gcc/bin/../lib/gcc/arm-none-eabi/7.2.1/thumb/v7e-m/fpv4-sp/hard/crtbegin.o
 *(.init)
 .init          0x08011538        0x4 d:/ahl-gec-ide(4.55)/gcc/bin/../lib/gcc/arm-none-eabi/7.2.1/thumb/v7e-m/fpv4-sp/hard/crti.o
                0x08011538                _init
 .init          0x0801153c        0x8 d:/ahl-gec-ide(4.55)/gcc/bin/../lib/gcc/arm-none-eabi/7.2.1/thumb/v7e-m/fpv4-sp/hard/crtn.o
 *(.fini)
 .fini          0x08011544        0x4 d:/ahl-gec-ide(4.55)/gcc/bin/../lib/gcc/arm-none-eabi/7.2.1/thumb/v7e-m/fpv4-sp/hard/crti.o
                0x08011544                _fini
 .fini          0x08011548        0x8 d:/ahl-gec-ide(4.55)/gcc/bin/../lib/gcc/arm-none-eabi/7.2.1/thumb/v7e-m/fpv4-sp/hard/crtn.o
                0x08011550                . = ALIGN (0x8)
                0x08011550                _etext = .

.vfp11_veneer   0x08011550        0x0
 .vfp11_veneer  0x08011550        0x0 linker stubs

.v4_bx          0x08011550        0x0
 .v4_bx         0x08011550        0x0 linker stubs

.iplt           0x08011550        0x0
 .iplt          0x08011550        0x0 d:/ahl-gec-ide(4.55)/gcc/bin/../lib/gcc/arm-none-eabi/7.2.1/thumb/v7e-m/fpv4-sp/hard/crtbegin.o

.rodata         0x08011550      0x590
                0x08011550                . = ALIGN (0x8)
 *(.rodata)
 .rodata        0x08011550       0x2d ./obj/thread_init.o
 *fill*         0x0801157d        0x3 
 .rodata        0x08011580       0x18 ./obj/common.o
 .rodata        0x08011598        0x6 ./obj/gec.o
 *(.rodata*)
 *fill*         0x0801159e        0x2 
 .rodata.wifi_con_srv.str1.4
                0x080115a0       0x1e ./obj/wifi.o
 *fill*         0x080115be        0x2 
 .rodata.wifi_disconnect.str1.4
                0x080115c0        0xe ./obj/wifi.o
 *fill*         0x080115ce        0x2 
 .rodata.wifi_get_mac.str1.4
                0x080115d0        0xb ./obj/wifi.o
 *fill*         0x080115db        0x1 
 .rodata.wifi_linktossid.str1.4
                0x080115dc       0x17 ./obj/wifi.o
                                 0x1f (size before relaxing)
 *fill*         0x080115f3        0x1 
 .rodata.wifi_quitssid.str1.4
                0x080115f4        0xa ./obj/wifi.o
 *fill*         0x080115fe        0x2 
 .rodata.wifi_reset.str1.4
                0x08011600       0x2d ./obj/wifi.o
 *fill*         0x0801162d        0x3 
 .rodata.wifi_sendN.str1.4
                0x08011630        0xe ./obj/wifi.o
 *fill*         0x0801163e        0x2 
 .rodata.uecomVersion
                0x08011640        0x5 ./obj/uecom.o
 *fill*         0x08011645        0x3 
 .rodata.comm_init.str1.4
                0x08011648       0x75 ./obj/thread_init.o
 *fill*         0x080116bd        0x3 
 .rodata.consrv_init.str1.4
                0x080116c0       0x68 ./obj/thread_init.o
 .rodata.flashInit
                0x08011728       0xed ./obj/thread_init.o
 *fill*         0x08011815        0x3 
 .rodata.thread_init.str1.4
                0x08011818       0xc7 ./obj/thread_init.o
 *fill*         0x080118df        0x1 
 .rodata.userData_init.str1.4
                0x080118e0        0x3 ./obj/thread_init.o
 *fill*         0x080118e3        0x1 
 .rodata.thread_send.str1.4
                0x080118e4       0x78 ./obj/thread_send.o
 .rodata.SYSTEM_FUNCTION.str1.4
                0x0801195c        0xa ./obj/gec.o
 *fill*         0x08011966        0x2 
 .rodata.Vectors_Init.str1.4
                0x08011968       0x48 ./obj/gec.o
 .rodata.app_init.str1.4
                0x080119b0      0x104 ./obj/threadauto_appinit.o
                                0x101 (size before relaxing)
 .rodata.__utoa.str1.1
                0x08011ab4       0x25 d:/ahl-gec-ide(4.55)/gcc/bin/../lib/gcc/arm-none-eabi/7.2.1/../../../../arm-none-eabi/lib/thumb/v7e-m/fpv4-sp/hard\libc_nano.a(lib_a-utoa.o)
                0x08011ae0                . = ALIGN (0x8)
 *fill*         0x08011ad9        0x7 

.ARM.extab      0x08011ae0        0x0
                0x08011ae0                . = ALIGN (0x8)
 *(.ARM.extab* .gnu.linkonce.armextab.*)
                0x08011ae0                . = ALIGN (0x8)

.ARM            0x08011ae0        0x8
                0x08011ae0                . = ALIGN (0x8)
                0x08011ae0                __exidx_start = .
 *(.ARM.exidx*)
 .ARM.exidx     0x08011ae0        0x8 d:/ahl-gec-ide(4.55)/gcc/bin/../lib/gcc/arm-none-eabi/7.2.1/thumb/v7e-m/fpv4-sp/hard\libgcc.a(_udivmoddi4.o)
                0x08011ae8                __exidx_end = .
                0x08011ae8                . = ALIGN (0x8)

.rel.dyn        0x08011ae8        0x0
 .rel.iplt      0x08011ae8        0x0 d:/ahl-gec-ide(4.55)/gcc/bin/../lib/gcc/arm-none-eabi/7.2.1/thumb/v7e-m/fpv4-sp/hard/crtbegin.o

.preinit_array  0x08011ae8        0x0
                0x08011ae8                . = ALIGN (0x8)
                0x08011ae8                PROVIDE (__preinit_array_start, .)
 *(.preinit_array*)
                0x08011ae8                PROVIDE (__preinit_array_end, .)
                0x08011ae8                . = ALIGN (0x8)

.init_array     0x08011ae8        0x8
                0x08011ae8                . = ALIGN (0x8)
                0x08011ae8                PROVIDE (__init_array_start, .)
 *(SORT_BY_NAME(.init_array.*))
 *(.init_array*)
 .init_array    0x08011ae8        0x4 d:/ahl-gec-ide(4.55)/gcc/bin/../lib/gcc/arm-none-eabi/7.2.1/thumb/v7e-m/fpv4-sp/hard/crtbegin.o
                0x08011aec                PROVIDE (__init_array_end, .)
                0x08011af0                . = ALIGN (0x8)
 *fill*         0x08011aec        0x4 

.fini_array     0x08011af0        0x8
                0x08011af0                . = ALIGN (0x8)
                [!provide]                PROVIDE (__fini_array_start, .)
 *(SORT_BY_NAME(.fini_array.*))
 *(.fini_array*)
 .fini_array    0x08011af0        0x4 d:/ahl-gec-ide(4.55)/gcc/bin/../lib/gcc/arm-none-eabi/7.2.1/thumb/v7e-m/fpv4-sp/hard/crtbegin.o
                [!provide]                PROVIDE (__fini_array_end, .)
                0x08011af8                . = ALIGN (0x8)
 *fill*         0x08011af4        0x4 
                0x08011af8                _sidata = LOADADDR (.data)

.data           0x20004000       0x34 load address 0x08011af8
                0x20004000                . = ALIGN (0x4)
                0x20004000                _sdata = .
 *(.data)
 *(.data*)
 .data.BIOSPort
                0x20004000        0x6 ./obj/thread_init.o
 *fill*         0x20004006        0x2 
 .data.SystemCoreClock
                0x20004008        0x4 ./obj/system_stm32l4xx.o
                0x20004008                SystemCoreClock
 .data.GPIO_ARR
                0x2000400c       0x18 ./obj/gpio.o
                0x2000400c                GPIO_ARR
 .data.USART_ARR
                0x20004024        0xc ./obj/uart.o
                0x20004024                USART_ARR
 .data.table_irq_uart
                0x20004030        0x3 ./obj/uart.o
                0x20004030                table_irq_uart
                0x20004034                . = ALIGN (0x4)
 *fill*         0x20004033        0x1 
                0x20004034                _edata = .

.igot.plt       0x20004034        0x0 load address 0x08011b2c
 .igot.plt      0x20004034        0x0 d:/ahl-gec-ide(4.55)/gcc/bin/../lib/gcc/arm-none-eabi/7.2.1/thumb/v7e-m/fpv4-sp/hard/crtbegin.o
                0x20004034                . = ALIGN (0x4)

.bss            0x20004038      0xcfc load address 0x08011b2c
                0x20004038                _sbss = .
                0x20004038                __bss_start__ = _sbss
 *(.bss)
 .bss           0x20004038       0x1c d:/ahl-gec-ide(4.55)/gcc/bin/../lib/gcc/arm-none-eabi/7.2.1/thumb/v7e-m/fpv4-sp/hard/crtbegin.o
 *(.bss*)
 .bss.MODE_TYPE
                0x20004054        0x1 ./obj/wifi.o
 .bss.WIFI_AP_STATE
                0x20004055        0x1 ./obj/wifi.o
 *fill*         0x20004056        0x2 
 .bss.WIFI_CMD  0x20004058      0x190 ./obj/wifi.o
 .bss.WIFI_CMDLENGTH
                0x200041e8        0x2 ./obj/wifi.o
 .bss.WIFI_CMD_FLAG
                0x200041ea        0x1 ./obj/wifi.o
 .bss.WIFI_CONNECT_STATE
                0x200041eb        0x1 ./obj/wifi.o
 .bss.WIFI_ERR_STOP
                0x200041ec       0x10 ./obj/wifi.o
 .bss.WIFI_OK_STOP
                0x200041fc       0x15 ./obj/wifi.o
 .bss.WIFI_RECVSTOP
                0x20004211        0x1 ./obj/wifi.o
 .bss.WIFI_SEND_STATE
                0x20004212        0x1 ./obj/wifi.o
 .bss.index1.9155
                0x20004213        0x1 ./obj/wifi.o
 .bss.index1.9164
                0x20004214        0x1 ./obj/wifi.o
 *fill*         0x20004215        0x1 
 .bss.index1.9173
                0x20004216        0x2 ./obj/wifi.o
 .bss.index2.9156
                0x20004218        0x1 ./obj/wifi.o
 .bss.len1.9157
                0x20004219        0x1 ./obj/wifi.o
 .bss.len2.9158
                0x2000421a        0x1 ./obj/wifi.o
 *fill*         0x2000421b        0x1 
 .bss.length.9174
                0x2000421c        0x2 ./obj/wifi.o
 *fill*         0x2000421e        0x2 
 .bss.sn.8960   0x20004220        0x4 ./obj/thread_send.o
 .bss.TimerCount.8944
                0x20004224        0x1 ./obj/isr.o
 *(COMMON)
 *fill*         0x20004225        0x3 
 COMMON         0x20004228       0x24 ./obj/wifi.o
                0x20004228                WIFI_MAC
 *fill*         0x2000424c        0x4 
 COMMON         0x20004250      0xae0 ./obj/thread_init.o
                0x20004250                gFlashData
                0x20004340                gcReccrc32
                0x20004344                gTimeString
                0x20004358                gCount
                0x2000435c                gTime
                0x20004360                gTimeSec
                0x20004368                gUserData
                0x20004488                sTimeString
                0x2000449c                gcRecvLen
                0x2000449e                gcUserRecvLen
                0x200044a0                gcRecvDCLen
                0x200044a4                gWiFiData
                0x2000450c                gcRecvBuf
                0x20004d0c                gMac
 COMMON         0x20004d30        0x4 ./obj/gec.o
                0x20004d30                component_fun
                0x20004d34                . = ALIGN (0x4)
                0x20004d34                _ebss = .
                0x20004d34                __bss_end__ = _ebss

/DISCARD/
 libc.a(*)
 libm.a(*)
 libgcc.a(*)

.ARM.attributes
                0x00000000       0x30
 *(.ARM.attributes)
 .ARM.attributes
                0x00000000       0x22 d:/ahl-gec-ide(4.55)/gcc/bin/../lib/gcc/arm-none-eabi/7.2.1/thumb/v7e-m/fpv4-sp/hard/crti.o
 .ARM.attributes
                0x00000022       0x34 d:/ahl-gec-ide(4.55)/gcc/bin/../lib/gcc/arm-none-eabi/7.2.1/thumb/v7e-m/fpv4-sp/hard/crtbegin.o
 .ARM.attributes
                0x00000056       0x39 ./obj/adc.o
 .ARM.attributes
                0x0000008f       0x39 ./obj/timer.o
 .ARM.attributes
                0x000000c8       0x39 ./obj/wifi.o
 .ARM.attributes
                0x00000101       0x39 ./obj/uecom.o
 .ARM.attributes
                0x0000013a       0x39 ./obj/thread_init.o
 .ARM.attributes
                0x00000173       0x39 ./obj/system_stm32l4xx.o
 .ARM.attributes
                0x000001ac       0x39 ./obj/main.o
 .ARM.attributes
                0x000001e5       0x39 ./obj/flash.o
 .ARM.attributes
                0x0000021e       0x39 ./obj/gpio.o
 .ARM.attributes
                0x00000257       0x39 ./obj/wdog.o
 .ARM.attributes
                0x00000290       0x39 ./obj/thread_send.o
 .ARM.attributes
                0x000002c9       0x39 ./obj/common.o
 .ARM.attributes
                0x00000302       0x39 ./obj/gec.o
 .ARM.attributes
                0x0000033b       0x39 ./obj/uart.o
 .ARM.attributes
                0x00000374       0x39 ./obj/threadauto_appinit.o
 .ARM.attributes
                0x000003ad       0x39 ./obj/isr.o
 .ARM.attributes
                0x000003e6       0x39 ./obj/printf.o
 .ARM.attributes
                0x0000041f       0x21 ./obj/startup_stm32l431rctx.o
 .ARM.attributes
                0x00000440       0x34 d:/ahl-gec-ide(4.55)/gcc/bin/../lib/gcc/arm-none-eabi/7.2.1/../../../../arm-none-eabi/lib/thumb/v7e-m/fpv4-sp/hard\libc_nano.a(lib_a-init.o)
 .ARM.attributes
                0x00000474       0x34 d:/ahl-gec-ide(4.55)/gcc/bin/../lib/gcc/arm-none-eabi/7.2.1/../../../../arm-none-eabi/lib/thumb/v7e-m/fpv4-sp/hard\libc_nano.a(lib_a-itoa.o)
 .ARM.attributes
                0x000004a8       0x34 d:/ahl-gec-ide(4.55)/gcc/bin/../lib/gcc/arm-none-eabi/7.2.1/../../../../arm-none-eabi/lib/thumb/v7e-m/fpv4-sp/hard\libc_nano.a(lib_a-memcpy-stub.o)
 .ARM.attributes
                0x000004dc       0x34 d:/ahl-gec-ide(4.55)/gcc/bin/../lib/gcc/arm-none-eabi/7.2.1/../../../../arm-none-eabi/lib/thumb/v7e-m/fpv4-sp/hard\libc_nano.a(lib_a-memset.o)
 .ARM.attributes
                0x00000510       0x34 d:/ahl-gec-ide(4.55)/gcc/bin/../lib/gcc/arm-none-eabi/7.2.1/../../../../arm-none-eabi/lib/thumb/v7e-m/fpv4-sp/hard\libc_nano.a(lib_a-strcat.o)
 .ARM.attributes
                0x00000544       0x34 d:/ahl-gec-ide(4.55)/gcc/bin/../lib/gcc/arm-none-eabi/7.2.1/../../../../arm-none-eabi/lib/thumb/v7e-m/fpv4-sp/hard\libc_nano.a(lib_a-strchr.o)
 .ARM.attributes
                0x00000578       0x34 d:/ahl-gec-ide(4.55)/gcc/bin/../lib/gcc/arm-none-eabi/7.2.1/../../../../arm-none-eabi/lib/thumb/v7e-m/fpv4-sp/hard\libc_nano.a(lib_a-strcpy.o)
 .ARM.attributes
                0x000005ac       0x1b d:/ahl-gec-ide(4.55)/gcc/bin/../lib/gcc/arm-none-eabi/7.2.1/../../../../arm-none-eabi/lib/thumb/v7e-m/fpv4-sp/hard\libc_nano.a(lib_a-strlen.o)
 .ARM.attributes
                0x000005c7       0x34 d:/ahl-gec-ide(4.55)/gcc/bin/../lib/gcc/arm-none-eabi/7.2.1/../../../../arm-none-eabi/lib/thumb/v7e-m/fpv4-sp/hard\libc_nano.a(lib_a-strncmp.o)
 .ARM.attributes
                0x000005fb       0x34 d:/ahl-gec-ide(4.55)/gcc/bin/../lib/gcc/arm-none-eabi/7.2.1/../../../../arm-none-eabi/lib/thumb/v7e-m/fpv4-sp/hard\libc_nano.a(lib_a-strncpy.o)
 .ARM.attributes
                0x0000062f       0x34 d:/ahl-gec-ide(4.55)/gcc/bin/../lib/gcc/arm-none-eabi/7.2.1/../../../../arm-none-eabi/lib/thumb/v7e-m/fpv4-sp/hard\libc_nano.a(lib_a-strstr.o)
 .ARM.attributes
                0x00000663       0x34 d:/ahl-gec-ide(4.55)/gcc/bin/../lib/gcc/arm-none-eabi/7.2.1/../../../../arm-none-eabi/lib/thumb/v7e-m/fpv4-sp/hard\libc_nano.a(lib_a-utoa.o)
 .ARM.attributes
                0x00000697       0x22 d:/ahl-gec-ide(4.55)/gcc/bin/../lib/gcc/arm-none-eabi/7.2.1/thumb/v7e-m/fpv4-sp/hard\libgcc.a(_arm_addsubdf3.o)
 .ARM.attributes
                0x000006b9       0x22 d:/ahl-gec-ide(4.55)/gcc/bin/../lib/gcc/arm-none-eabi/7.2.1/thumb/v7e-m/fpv4-sp/hard\libgcc.a(_arm_muldivdf3.o)
 .ARM.attributes
                0x000006db       0x22 d:/ahl-gec-ide(4.55)/gcc/bin/../lib/gcc/arm-none-eabi/7.2.1/thumb/v7e-m/fpv4-sp/hard\libgcc.a(_arm_cmpdf2.o)
 .ARM.attributes
                0x000006fd       0x22 d:/ahl-gec-ide(4.55)/gcc/bin/../lib/gcc/arm-none-eabi/7.2.1/thumb/v7e-m/fpv4-sp/hard\libgcc.a(_arm_fixunsdfsi.o)
 .ARM.attributes
                0x0000071f       0x22 d:/ahl-gec-ide(4.55)/gcc/bin/../lib/gcc/arm-none-eabi/7.2.1/thumb/v7e-m/fpv4-sp/hard\libgcc.a(_aeabi_uldivmod.o)
 .ARM.attributes
                0x00000741       0x34 d:/ahl-gec-ide(4.55)/gcc/bin/../lib/gcc/arm-none-eabi/7.2.1/thumb/v7e-m/fpv4-sp/hard\libgcc.a(_fixunsdfdi.o)
 .ARM.attributes
                0x00000775       0x34 d:/ahl-gec-ide(4.55)/gcc/bin/../lib/gcc/arm-none-eabi/7.2.1/thumb/v7e-m/fpv4-sp/hard\libgcc.a(_udivmoddi4.o)
 .ARM.attributes
                0x000007a9       0x22 d:/ahl-gec-ide(4.55)/gcc/bin/../lib/gcc/arm-none-eabi/7.2.1/thumb/v7e-m/fpv4-sp/hard\libgcc.a(_dvmd_tls.o)
 .ARM.attributes
                0x000007cb       0x22 d:/ahl-gec-ide(4.55)/gcc/bin/../lib/gcc/arm-none-eabi/7.2.1/thumb/v7e-m/fpv4-sp/hard/crtn.o
OUTPUT(User-WiFi-Test1-STM32L431-20230811.elf elf32-littlearm)

.debug_info     0x00000000    0x14e41
 .debug_info    0x00000000     0x13d2 ./obj/adc.o
 .debug_info    0x000013d2     0x1870 ./obj/timer.o
 .debug_info    0x00002c42     0x2276 ./obj/wifi.o
 .debug_info    0x00004eb8     0x2c0a ./obj/uecom.o
 .debug_info    0x00007ac2     0x19c2 ./obj/thread_init.o
 .debug_info    0x00009484      0x847 ./obj/system_stm32l4xx.o
 .debug_info    0x00009ccb      0xf45 ./obj/main.o
 .debug_info    0x0000ac10      0xfd5 ./obj/flash.o
 .debug_info    0x0000bbe5     0x16fa ./obj/gpio.o
 .debug_info    0x0000d2df      0x1d2 ./obj/wdog.o
 .debug_info    0x0000d4b1     0x1457 ./obj/thread_send.o
 .debug_info    0x0000e908      0x291 ./obj/common.o
 .debug_info    0x0000eb99     0x134a ./obj/gec.o
 .debug_info    0x0000fee3     0x1485 ./obj/uart.o
 .debug_info    0x00011368     0x12b2 ./obj/threadauto_appinit.o
 .debug_info    0x0001261a     0x1222 ./obj/isr.o
 .debug_info    0x0001383c     0x15e3 ./obj/printf.o
 .debug_info    0x00014e1f       0x22 ./obj/startup_stm32l431rctx.o

.debug_abbrev   0x00000000     0x2a90
 .debug_abbrev  0x00000000      0x216 ./obj/adc.o
 .debug_abbrev  0x00000216      0x29e ./obj/timer.o
 .debug_abbrev  0x000004b4      0x3eb ./obj/wifi.o
 .debug_abbrev  0x0000089f      0x38e ./obj/uecom.o
 .debug_abbrev  0x00000c2d      0x293 ./obj/thread_init.o
 .debug_abbrev  0x00000ec0      0x18e ./obj/system_stm32l4xx.o
 .debug_abbrev  0x0000104e      0x1c4 ./obj/main.o
 .debug_abbrev  0x00001212      0x2b6 ./obj/flash.o
 .debug_abbrev  0x000014c8      0x38c ./obj/gpio.o
 .debug_abbrev  0x00001854       0xf3 ./obj/wdog.o
 .debug_abbrev  0x00001947      0x272 ./obj/thread_send.o
 .debug_abbrev  0x00001bb9      0x129 ./obj/common.o
 .debug_abbrev  0x00001ce2      0x2ad ./obj/gec.o
 .debug_abbrev  0x00001f8f      0x336 ./obj/uart.o
 .debug_abbrev  0x000022c5      0x21f ./obj/threadauto_appinit.o
 .debug_abbrev  0x000024e4      0x270 ./obj/isr.o
 .debug_abbrev  0x00002754      0x32a ./obj/printf.o
 .debug_abbrev  0x00002a7e       0x12 ./obj/startup_stm32l431rctx.o

.debug_loc      0x00000000     0x5e7b
 .debug_loc     0x00000000      0x14b ./obj/adc.o
 .debug_loc     0x0000014b      0x3a8 ./obj/timer.o
 .debug_loc     0x000004f3      0xdf7 ./obj/wifi.o
 .debug_loc     0x000012ea     0x1c01 ./obj/uecom.o
 .debug_loc     0x00002eeb      0x365 ./obj/thread_init.o
 .debug_loc     0x00003250      0x246 ./obj/system_stm32l4xx.o
 .debug_loc     0x00003496      0xa2b ./obj/flash.o
 .debug_loc     0x00003ec1      0x451 ./obj/gpio.o
 .debug_loc     0x00004312      0x28a ./obj/thread_send.o
 .debug_loc     0x0000459c      0x32e ./obj/common.o
 .debug_loc     0x000048ca       0x90 ./obj/gec.o
 .debug_loc     0x0000495a      0x3ce ./obj/uart.o
 .debug_loc     0x00004d28       0x3c ./obj/threadauto_appinit.o
 .debug_loc     0x00004d64       0x13 ./obj/isr.o
 .debug_loc     0x00004d77     0x1104 ./obj/printf.o

.debug_aranges  0x00000000      0x5d8
 .debug_aranges
                0x00000000       0x30 ./obj/adc.o
 .debug_aranges
                0x00000030       0x40 ./obj/timer.o
 .debug_aranges
                0x00000070       0xf0 ./obj/wifi.o
 .debug_aranges
                0x00000160      0x108 ./obj/uecom.o
 .debug_aranges
                0x00000268       0x50 ./obj/thread_init.o
 .debug_aranges
                0x000002b8       0x30 ./obj/system_stm32l4xx.o
 .debug_aranges
                0x000002e8       0x20 ./obj/main.o
 .debug_aranges
                0x00000308       0x70 ./obj/flash.o
 .debug_aranges
                0x00000378       0x78 ./obj/gpio.o
 .debug_aranges
                0x000003f0       0x30 ./obj/wdog.o
 .debug_aranges
                0x00000420       0x28 ./obj/thread_send.o
 .debug_aranges
                0x00000448       0x28 ./obj/common.o
 .debug_aranges
                0x00000470       0x28 ./obj/gec.o
 .debug_aranges
                0x00000498       0x70 ./obj/uart.o
 .debug_aranges
                0x00000508       0x20 ./obj/threadauto_appinit.o
 .debug_aranges
                0x00000528       0x30 ./obj/isr.o
 .debug_aranges
                0x00000558       0x58 ./obj/printf.o
 .debug_aranges
                0x000005b0       0x28 ./obj/startup_stm32l431rctx.o

.debug_ranges   0x00000000      0x4f0
 .debug_ranges  0x00000000       0x20 ./obj/adc.o
 .debug_ranges  0x00000020       0x30 ./obj/timer.o
 .debug_ranges  0x00000050       0xe0 ./obj/wifi.o
 .debug_ranges  0x00000130       0xf8 ./obj/uecom.o
 .debug_ranges  0x00000228       0x58 ./obj/thread_init.o
 .debug_ranges  0x00000280       0x20 ./obj/system_stm32l4xx.o
 .debug_ranges  0x000002a0       0x10 ./obj/main.o
 .debug_ranges  0x000002b0       0x60 ./obj/flash.o
 .debug_ranges  0x00000310       0x68 ./obj/gpio.o
 .debug_ranges  0x00000378       0x20 ./obj/wdog.o
 .debug_ranges  0x00000398       0x18 ./obj/thread_send.o
 .debug_ranges  0x000003b0       0x30 ./obj/common.o
 .debug_ranges  0x000003e0       0x18 ./obj/gec.o
 .debug_ranges  0x000003f8       0x60 ./obj/uart.o
 .debug_ranges  0x00000458       0x10 ./obj/threadauto_appinit.o
 .debug_ranges  0x00000468       0x20 ./obj/isr.o
 .debug_ranges  0x00000488       0x48 ./obj/printf.o
 .debug_ranges  0x000004d0       0x20 ./obj/startup_stm32l431rctx.o

.debug_macro    0x00000000    0x1be69
 .debug_macro   0x00000000      0x38a ./obj/adc.o
 .debug_macro   0x0000038a      0xa5a ./obj/adc.o
 .debug_macro   0x00000de4       0xfc ./obj/adc.o
 .debug_macro   0x00000ee0       0x2e ./obj/adc.o
 .debug_macro   0x00000f0e       0x28 ./obj/adc.o
 .debug_macro   0x00000f36       0x22 ./obj/adc.o
 .debug_macro   0x00000f58       0x87 ./obj/adc.o
 .debug_macro   0x00000fdf       0x51 ./obj/adc.o
 .debug_macro   0x00001030       0xef ./obj/adc.o
 .debug_macro   0x0000111f       0x6a ./obj/adc.o
 .debug_macro   0x00001189      0x1df ./obj/adc.o
 .debug_macro   0x00001368       0x1c ./obj/adc.o
 .debug_macro   0x00001384       0x22 ./obj/adc.o
 .debug_macro   0x000013a6       0xd8 ./obj/adc.o
 .debug_macro   0x0000147e     0x1011 ./obj/adc.o
 .debug_macro   0x0000248f      0x11f ./obj/adc.o
 .debug_macro   0x000025ae    0x150d6 ./obj/adc.o
 .debug_macro   0x00017684       0x43 ./obj/adc.o
 .debug_macro   0x000176c7       0x52 ./obj/adc.o
 .debug_macro   0x00017719       0x40 ./obj/adc.o
 .debug_macro   0x00017759       0x34 ./obj/adc.o
 .debug_macro   0x0001778d      0x15a ./obj/adc.o
 .debug_macro   0x000178e7       0x46 ./obj/adc.o
 .debug_macro   0x0001792d       0x17 ./obj/adc.o
 .debug_macro   0x00017944       0x3c ./obj/adc.o
 .debug_macro   0x00017980       0x9c ./obj/adc.o
 .debug_macro   0x00017a1c      0x174 ./obj/adc.o
 .debug_macro   0x00017b90       0x52 ./obj/adc.o
 .debug_macro   0x00017be2       0x1f ./obj/adc.o
 .debug_macro   0x00017c01       0x43 ./obj/adc.o
 .debug_macro   0x00017c44       0x20 ./obj/adc.o
 .debug_macro   0x00017c64      0x1a3 ./obj/adc.o
 .debug_macro   0x00017e07      0x32a ./obj/adc.o
 .debug_macro   0x00018131       0x10 ./obj/adc.o
 .debug_macro   0x00018141       0x35 ./obj/adc.o
 .debug_macro   0x00018176       0x28 ./obj/adc.o
 .debug_macro   0x0001819e       0x9a ./obj/adc.o
 .debug_macro   0x00018238       0x70 ./obj/adc.o
 .debug_macro   0x000182a8       0x34 ./obj/adc.o
 .debug_macro   0x000182dc       0x94 ./obj/adc.o
 .debug_macro   0x00018370       0x16 ./obj/adc.o
 .debug_macro   0x00018386       0x64 ./obj/adc.o
 .debug_macro   0x000183ea       0x1c ./obj/adc.o
 .debug_macro   0x00018406       0x10 ./obj/adc.o
 .debug_macro   0x00018416       0x10 ./obj/adc.o
 .debug_macro   0x00018426       0x1c ./obj/adc.o
 .debug_macro   0x00018442       0x52 ./obj/adc.o
 .debug_macro   0x00018494       0x40 ./obj/adc.o
 .debug_macro   0x000184d4       0x10 ./obj/adc.o
 .debug_macro   0x000184e4       0x40 ./obj/adc.o
 .debug_macro   0x00018524       0xd7 ./obj/adc.o
 .debug_macro   0x000185fb       0x1c ./obj/adc.o
 .debug_macro   0x00018617       0x3d ./obj/adc.o
 .debug_macro   0x00018654       0x16 ./obj/adc.o
 .debug_macro   0x0001866a      0x145 ./obj/adc.o
 .debug_macro   0x000187af       0x16 ./obj/adc.o
 .debug_macro   0x000187c5       0x16 ./obj/adc.o
 .debug_macro   0x000187db       0x29 ./obj/adc.o
 .debug_macro   0x00018804       0x1c ./obj/adc.o
 .debug_macro   0x00018820       0x3a ./obj/adc.o
 .debug_macro   0x0001885a       0x6a ./obj/adc.o
 .debug_macro   0x000188c4       0xa6 ./obj/adc.o
 .debug_macro   0x0001896a      0x38a ./obj/timer.o
 .debug_macro   0x00018cf4      0x426 ./obj/wifi.o
 .debug_macro   0x0001911a       0x34 ./obj/wifi.o
 .debug_macro   0x0001914e      0x412 ./obj/uecom.o
 .debug_macro   0x00019560       0x40 ./obj/uecom.o
 .debug_macro   0x000195a0       0x8d ./obj/uecom.o
 .debug_macro   0x0001962d       0x16 ./obj/uecom.o
 .debug_macro   0x00019643       0x57 ./obj/uecom.o
 .debug_macro   0x0001969a       0x97 ./obj/uecom.o
 .debug_macro   0x00019731      0x330 ./obj/uecom.o
 .debug_macro   0x00019a61       0xfd ./obj/uecom.o
 .debug_macro   0x00019b5e       0x16 ./obj/uecom.o
 .debug_macro   0x00019b74       0xd2 ./obj/uecom.o
 .debug_macro   0x00019c46       0x9a ./obj/uecom.o
 .debug_macro   0x00019ce0       0x2e ./obj/uecom.o
 .debug_macro   0x00019d0e       0xa6 ./obj/uecom.o
 .debug_macro   0x00019db4      0x390 ./obj/thread_init.o
 .debug_macro   0x0001a144       0xf0 ./obj/system_stm32l4xx.o
 .debug_macro   0x0001a234      0x390 ./obj/main.o
 .debug_macro   0x0001a5c4      0x1d2 ./obj/flash.o
 .debug_macro   0x0001a796       0x2e ./obj/flash.o
 .debug_macro   0x0001a7c4      0x1d2 ./obj/gpio.o
 .debug_macro   0x0001a996       0x6a ./obj/gpio.o
 .debug_macro   0x0001aa00      0x110 ./obj/wdog.o
 .debug_macro   0x0001ab10       0x4c ./obj/wdog.o
 .debug_macro   0x0001ab5c       0x1c ./obj/wdog.o
 .debug_macro   0x0001ab78      0x38a ./obj/thread_send.o
 .debug_macro   0x0001af02      0x10c ./obj/common.o
 .debug_macro   0x0001b00e      0x38e ./obj/gec.o
 .debug_macro   0x0001b39c      0x1d2 ./obj/uart.o
 .debug_macro   0x0001b56e      0x390 ./obj/threadauto_appinit.o
 .debug_macro   0x0001b8fe      0x38a ./obj/isr.o
 .debug_macro   0x0001bc88      0x1e1 ./obj/printf.o

.debug_line     0x00000000     0x8e3c
 .debug_line    0x00000000      0x8d7 ./obj/adc.o
 .debug_line    0x000008d7      0x9d1 ./obj/timer.o
 .debug_line    0x000012a8      0xd2f ./obj/wifi.o
 .debug_line    0x00001fd7     0x1050 ./obj/uecom.o
 .debug_line    0x00003027      0x9d6 ./obj/thread_init.o
 .debug_line    0x000039fd      0x37c ./obj/system_stm32l4xx.o
 .debug_line    0x00003d79      0x869 ./obj/main.o
 .debug_line    0x000045e2      0x700 ./obj/flash.o
 .debug_line    0x00004ce2      0x686 ./obj/gpio.o
 .debug_line    0x00005368      0x42e ./obj/wdog.o
 .debug_line    0x00005796      0x8f2 ./obj/thread_send.o
 .debug_line    0x00006088      0x4af ./obj/common.o
 .debug_line    0x00006537      0x8df ./obj/gec.o
 .debug_line    0x00006e16      0x67c ./obj/uart.o
 .debug_line    0x00007492      0x881 ./obj/threadauto_appinit.o
 .debug_line    0x00007d13      0x8d1 ./obj/isr.o
 .debug_line    0x000085e4      0x7db ./obj/printf.o
 .debug_line    0x00008dbf       0x7d ./obj/startup_stm32l431rctx.o

.debug_str      0x00000000    0x86921
 .debug_str     0x00000000    0x84d45 ./obj/adc.o
                              0x8506f (size before relaxing)
 .debug_str     0x00084d45      0x4b5 ./obj/timer.o
                              0x8548f (size before relaxing)
 .debug_str     0x000851fa      0x61d ./obj/wifi.o
                              0x854a1 (size before relaxing)
 .debug_str     0x00085817      0x6af ./obj/uecom.o
                              0x85627 (size before relaxing)
 .debug_str     0x00085ec6       0xc7 ./obj/thread_init.o
                              0x85122 (size before relaxing)
 .debug_str     0x00085f8d      0x1ba ./obj/system_stm32l4xx.o
                              0x7eaf7 (size before relaxing)
 .debug_str     0x00086147        0xc ./obj/main.o
                              0x84e37 (size before relaxing)
 .debug_str     0x00086153       0xef ./obj/flash.o
                              0x821c7 (size before relaxing)
 .debug_str     0x00086242      0x183 ./obj/gpio.o
                              0x827f2 (size before relaxing)
 .debug_str     0x000863c5       0x3b ./obj/wdog.o
                              0x7edc8 (size before relaxing)
 .debug_str     0x00086400       0xff ./obj/thread_send.o
                              0x84fc2 (size before relaxing)
 .debug_str     0x000864ff       0x15 ./obj/common.o
                              0x7ebe6 (size before relaxing)
 .debug_str     0x00086514       0x4e ./obj/gec.o
                              0x84f41 (size before relaxing)
 .debug_str     0x00086562       0xb5 ./obj/uart.o
                              0x82690 (size before relaxing)
 .debug_str     0x00086617      0x14a ./obj/threadauto_appinit.o
                              0x84fcb (size before relaxing)
 .debug_str     0x00086761       0x4f ./obj/isr.o
                              0x84f5b (size before relaxing)
 .debug_str     0x000867b0      0x145 ./obj/printf.o
                              0x823f3 (size before relaxing)
 .debug_str     0x000868f5       0x2c ./obj/startup_stm32l431rctx.o
                                 0xa0 (size before relaxing)

.comment        0x00000000       0x7e
 .comment       0x00000000       0x7e ./obj/adc.o
                                 0x7f (size before relaxing)
 .comment       0x0000007e       0x7f ./obj/timer.o
 .comment       0x0000007e       0x7f ./obj/wifi.o
 .comment       0x0000007e       0x7f ./obj/uecom.o
 .comment       0x0000007e       0x7f ./obj/thread_init.o
 .comment       0x0000007e       0x7f ./obj/system_stm32l4xx.o
 .comment       0x0000007e       0x7f ./obj/main.o
 .comment       0x0000007e       0x7f ./obj/flash.o
 .comment       0x0000007e       0x7f ./obj/gpio.o
 .comment       0x0000007e       0x7f ./obj/wdog.o
 .comment       0x0000007e       0x7f ./obj/thread_send.o
 .comment       0x0000007e       0x7f ./obj/common.o
 .comment       0x0000007e       0x7f ./obj/gec.o
 .comment       0x0000007e       0x7f ./obj/uart.o
 .comment       0x0000007e       0x7f ./obj/threadauto_appinit.o
 .comment       0x0000007e       0x7f ./obj/isr.o
 .comment       0x0000007e       0x7f ./obj/printf.o

.debug_frame    0x00000000     0x1418
 .debug_frame   0x00000000       0x50 ./obj/adc.o
 .debug_frame   0x00000050       0x60 ./obj/timer.o
 .debug_frame   0x000000b0      0x330 ./obj/wifi.o
 .debug_frame   0x000003e0      0x3ac ./obj/uecom.o
 .debug_frame   0x0000078c       0xe8 ./obj/thread_init.o
 .debug_frame   0x00000874       0x54 ./obj/system_stm32l4xx.o
 .debug_frame   0x000008c8       0x28 ./obj/main.o
 .debug_frame   0x000008f0      0x11c ./obj/flash.o
 .debug_frame   0x00000a0c      0x180 ./obj/gpio.o
 .debug_frame   0x00000b8c       0x40 ./obj/wdog.o
 .debug_frame   0x00000bcc       0x54 ./obj/thread_send.o
 .debug_frame   0x00000c20       0x5c ./obj/common.o
 .debug_frame   0x00000c7c       0x58 ./obj/gec.o
 .debug_frame   0x00000cd4      0x138 ./obj/uart.o
 .debug_frame   0x00000e0c       0x34 ./obj/threadauto_appinit.o
 .debug_frame   0x00000e40       0x5c ./obj/isr.o
 .debug_frame   0x00000e9c      0x12c ./obj/printf.o
 .debug_frame   0x00000fc8       0x2c d:/ahl-gec-ide(4.55)/gcc/bin/../lib/gcc/arm-none-eabi/7.2.1/../../../../arm-none-eabi/lib/thumb/v7e-m/fpv4-sp/hard\libc_nano.a(lib_a-init.o)
 .debug_frame   0x00000ff4       0x38 d:/ahl-gec-ide(4.55)/gcc/bin/../lib/gcc/arm-none-eabi/7.2.1/../../../../arm-none-eabi/lib/thumb/v7e-m/fpv4-sp/hard\libc_nano.a(lib_a-itoa.o)
 .debug_frame   0x0000102c       0x28 d:/ahl-gec-ide(4.55)/gcc/bin/../lib/gcc/arm-none-eabi/7.2.1/../../../../arm-none-eabi/lib/thumb/v7e-m/fpv4-sp/hard\libc_nano.a(lib_a-memcpy-stub.o)
 .debug_frame   0x00001054       0x20 d:/ahl-gec-ide(4.55)/gcc/bin/../lib/gcc/arm-none-eabi/7.2.1/../../../../arm-none-eabi/lib/thumb/v7e-m/fpv4-sp/hard\libc_nano.a(lib_a-memset.o)
 .debug_frame   0x00001074       0x28 d:/ahl-gec-ide(4.55)/gcc/bin/../lib/gcc/arm-none-eabi/7.2.1/../../../../arm-none-eabi/lib/thumb/v7e-m/fpv4-sp/hard\libc_nano.a(lib_a-strcat.o)
 .debug_frame   0x0000109c       0x20 d:/ahl-gec-ide(4.55)/gcc/bin/../lib/gcc/arm-none-eabi/7.2.1/../../../../arm-none-eabi/lib/thumb/v7e-m/fpv4-sp/hard\libc_nano.a(lib_a-strchr.o)
 .debug_frame   0x000010bc       0x20 d:/ahl-gec-ide(4.55)/gcc/bin/../lib/gcc/arm-none-eabi/7.2.1/../../../../arm-none-eabi/lib/thumb/v7e-m/fpv4-sp/hard\libc_nano.a(lib_a-strcpy.o)
 .debug_frame   0x000010dc       0x28 d:/ahl-gec-ide(4.55)/gcc/bin/../lib/gcc/arm-none-eabi/7.2.1/../../../../arm-none-eabi/lib/thumb/v7e-m/fpv4-sp/hard\libc_nano.a(lib_a-strncmp.o)
 .debug_frame   0x00001104       0x2c d:/ahl-gec-ide(4.55)/gcc/bin/../lib/gcc/arm-none-eabi/7.2.1/../../../../arm-none-eabi/lib/thumb/v7e-m/fpv4-sp/hard\libc_nano.a(lib_a-strncpy.o)
 .debug_frame   0x00001130       0x30 d:/ahl-gec-ide(4.55)/gcc/bin/../lib/gcc/arm-none-eabi/7.2.1/../../../../arm-none-eabi/lib/thumb/v7e-m/fpv4-sp/hard\libc_nano.a(lib_a-strstr.o)
 .debug_frame   0x00001160       0x48 d:/ahl-gec-ide(4.55)/gcc/bin/../lib/gcc/arm-none-eabi/7.2.1/../../../../arm-none-eabi/lib/thumb/v7e-m/fpv4-sp/hard\libc_nano.a(lib_a-utoa.o)
 .debug_frame   0x000011a8       0xac d:/ahl-gec-ide(4.55)/gcc/bin/../lib/gcc/arm-none-eabi/7.2.1/thumb/v7e-m/fpv4-sp/hard\libgcc.a(_arm_addsubdf3.o)
 .debug_frame   0x00001254       0x50 d:/ahl-gec-ide(4.55)/gcc/bin/../lib/gcc/arm-none-eabi/7.2.1/thumb/v7e-m/fpv4-sp/hard\libgcc.a(_arm_muldivdf3.o)
 .debug_frame   0x000012a4       0xc4 d:/ahl-gec-ide(4.55)/gcc/bin/../lib/gcc/arm-none-eabi/7.2.1/thumb/v7e-m/fpv4-sp/hard\libgcc.a(_arm_cmpdf2.o)
 .debug_frame   0x00001368       0x24 d:/ahl-gec-ide(4.55)/gcc/bin/../lib/gcc/arm-none-eabi/7.2.1/thumb/v7e-m/fpv4-sp/hard\libgcc.a(_arm_fixunsdfsi.o)
 .debug_frame   0x0000138c       0x2c d:/ahl-gec-ide(4.55)/gcc/bin/../lib/gcc/arm-none-eabi/7.2.1/thumb/v7e-m/fpv4-sp/hard\libgcc.a(_aeabi_uldivmod.o)
 .debug_frame   0x000013b8       0x2c d:/ahl-gec-ide(4.55)/gcc/bin/../lib/gcc/arm-none-eabi/7.2.1/thumb/v7e-m/fpv4-sp/hard\libgcc.a(_fixunsdfdi.o)
 .debug_frame   0x000013e4       0x34 d:/ahl-gec-ide(4.55)/gcc/bin/../lib/gcc/arm-none-eabi/7.2.1/thumb/v7e-m/fpv4-sp/hard\libgcc.a(_udivmoddi4.o)
