uecom.c:212:6:uecom_remoteConfig	8	static
uecom.c:613:9:uecom_gnssGetInfo	48	static
uecom.c:835:9:uecom_modelInfo	0	static
uecom.c:855:9:uecom_typeGet	8	static
uecom.c:867:6:uecom_version	0	static
uecom.c:880:9:uecom_httpGet	0	static
uecom.c:1059:6:uint_to_str	32	static
uecom.c:1192:9:uecom_transparentRecv	4	static
uecom.c:1235:9:uecom_recvLocation	8	static
uecom.c:506:6:uecom_interrupt	24	static
uecom.c:533:6:uecom_transparentInterrupt	24	static
uecom.c:1480:10:ue_crc16	8	static
uecom.c:1088:6:frameEncode	24	static
uecom.c:1506:6:ArrayCopy	4	static
uecom.c:1519:6:uecom_delay_ms	0	static
uecom.c:93:6:uecom_power	8	static
uecom.c:898:9:uecom_sendCmd	56	static
uecom.c:115:6:uecom_linkOff	8	static
uecom.c:297:9:uecom_linkRemoteUpdate	80	static
uecom.c:227:9:uecom_linkCS	80	static
uecom.c:413:9:uecom_updateSend	168	static
uecom.c:362:9:uecom_send	568	static
uecom.c:459:9:uecom_transparentSend	56	static
uecom.c:557:9:uecom_gnssSwitch	8	static
uecom.c:958:9:uecom_internal_getIMEI	16	static
uecom.c:1009:9:uecom_internal_getIMSI	16	static
uecom.c:176:9:uecom_linkBase	8	static
uecom.c:752:9:uecom_baseInfo	16	static
uecom.c:131:9:uecom_init	8	static
uecom.c:1289:6:uecom_getTime	56	static
