wifi.c:329:9:wifi_get_state	0	static
wifi.c:471:9:wifi_check_port	4	static
wifi.c:500:9:wifi_check_ip	24	static
wifi.c:544:9:wifi_check_mac	0	static
wifi.c:610:9:wifi_send_cmd	16	static
wifi.c:179:6:wifi_reset	8	static
wifi.c:210:9:wifi_resolve_domain	16	static
wifi.c:233:9:wifi_ping	16	static
wifi.c:255:9:wifi_get_mac	16	static
wifi.c:340:9:wifi_linktossid	56	static
wifi.c:369:9:wifi_quitssid	8	static
wifi.c:451:9:wifi_set_ip	40	static
wifi.c:576:9:wifi_disconnect	8	static
wifi.c:383:9:wifi_con_srv	128	static
wifi.c:593:9:wifi_mode_set	24	static
wifi.c:655:9:wifi_set_send_mode	8	static
wifi.c:679:9:wifi_set_ap_para	32	static
wifi.c:699:6:wifi_power_ctr	8	static
wifi.c:96:6:wifi_init	32	static
wifi.c:754:9:wifi_returncheck	16	static
wifi.c:806:9:wifi_rebootcheck	0	static
wifi.c:935:10:crc16	8	static
wifi.c:718:6:wifi_frameEncode	24	static
wifi.c:423:9:wifi_sendN	464	static
wifi.c:872:9:uecom_recv	32	static
wifi.c:297:6:wifi_int_re	8	static
wifi.c:955:6:WiFiMessageInit	16	static
